[2026-09-15 18:22:31.761] info: [export] Diagnostic log file: C:\Users\ThrishaShetty\Desktop\Strapi\strapi-project\sample-project\export_1789476751754.log (info-level messages are written here even without --verbose)
[2026-09-15 18:22:31.762] info: [file-destination-provider] creating gzip

[2026-09-15 18:22:31.805] info: [local-source-provider] getting metadata

[2026-09-15 18:22:31.806] info: [local-source-provider] getting metadata

[2026-09-15 18:22:31.806] info: [local-source-provider] getting schemas

[2026-09-15 18:22:31.809] info: [local-source-provider] getting schemas

[2026-09-15 18:22:31.810] info: [file-destination-provider] creating schemas write stream

[2026-09-15 18:22:31.822] info: [local-source-provider] creating entities read stream

[2026-09-15 18:22:31.822] info: [file-destination-provider] creating entities write stream

[2026-09-15 18:22:31.895] info: [local-source-provider] creating assets read stream

[2026-09-15 18:22:31.896] info: [file-destination-provider] creating assets write stream

[2026-09-15 18:22:32.670] info: [local-source-provider] creating links read stream

[2026-09-15 18:22:32.671] info: [file-destination-provider] creating links write stream

[2026-09-15 18:22:32.684] warn: (local-source-provider) Omitting link plugin::upload.file:83 -> api::product.product:65 from export because a referenced entity no longer exists in the database.
[2026-09-15 18:22:32.685] warn: (local-source-provider) Omitting link plugin::upload.file:82 -> api::product.product:65 from export because a referenced entity no longer exists in the database.
[2026-09-15 18:22:32.685] warn: (local-source-provider) Omitting link plugin::upload.file:82 -> api::product.product:66 from export because a referenced entity no longer exists in the database.
[2026-09-15 18:22:32.759] warn: (local-source-provider) Links export omitted 3 relation(s) pointing at missing entities. Verify relations after import if this is unexpected.
[2026-09-15 18:22:32.761] info: [local-source-provider] creating configuration read stream

[2026-09-15 18:22:32.761] info: [file-destination-provider] creating configuration write stream

[2026-09-15 18:22:32.772] info: [file-destination-provider] writing metadata

