[2026-09-10 18:58:47.592] info: [export] Diagnostic log file: C:\Users\ThrishaShetty\Desktop\Strapi\strapi-project\sample-project\export_1789046927580.log (info-level messages are written here even without --verbose)
[2026-09-10 18:58:47.593] info: [file-destination-provider] creating gzip

[2026-09-10 18:58:47.682] info: [local-source-provider] getting metadata

[2026-09-10 18:58:47.682] info: [local-source-provider] getting metadata

[2026-09-10 18:58:47.683] info: [local-source-provider] getting schemas

[2026-09-10 18:58:47.690] info: [local-source-provider] getting schemas

[2026-09-10 18:58:47.694] info: [file-destination-provider] creating schemas write stream

[2026-09-10 18:58:47.722] info: [local-source-provider] creating entities read stream

[2026-09-10 18:58:47.723] info: [file-destination-provider] creating entities write stream

[2026-09-10 18:58:47.876] info: [local-source-provider] creating assets read stream

[2026-09-10 18:58:47.878] info: [file-destination-provider] creating assets write stream

[2026-09-10 18:58:49.129] info: [local-source-provider] creating links read stream

[2026-09-10 18:58:49.130] info: [file-destination-provider] creating links write stream

[2026-09-10 18:58:49.186] warn: (local-source-provider) Omitting link plugin::upload.file:83 -> api::product.product:65 from export because a referenced entity no longer exists in the database.
[2026-09-10 18:58:49.186] warn: (local-source-provider) Omitting link plugin::upload.file:82 -> api::product.product:65 from export because a referenced entity no longer exists in the database.
[2026-09-10 18:58:49.187] warn: (local-source-provider) Omitting link plugin::upload.file:82 -> api::product.product:66 from export because a referenced entity no longer exists in the database.
[2026-09-10 18:58:49.342] warn: (local-source-provider) Links export omitted 3 relation(s) pointing at missing entities. Verify relations after import if this is unexpected.
[2026-09-10 18:58:49.346] info: [local-source-provider] creating configuration read stream

[2026-09-10 18:58:49.346] info: [file-destination-provider] creating configuration write stream

[2026-09-10 18:58:49.369] info: [file-destination-provider] writing metadata

