[2026-09-16 15:32:11.975] info: [export] Diagnostic log file: C:\Users\ThrishaShetty\Desktop\Strapi\strapi-project\sample-project\export_1789552931969.log (info-level messages are written here even without --verbose)
[2026-09-16 15:32:11.976] info: [file-destination-provider] creating gzip

[2026-09-16 15:32:12.091] info: [local-source-provider] getting metadata

[2026-09-16 15:32:12.092] info: [local-source-provider] getting metadata

[2026-09-16 15:32:12.092] info: [local-source-provider] getting schemas

[2026-09-16 15:32:12.100] info: [local-source-provider] getting schemas

[2026-09-16 15:32:12.102] info: [file-destination-provider] creating schemas write stream

[2026-09-16 15:32:12.123] info: [local-source-provider] creating entities read stream

[2026-09-16 15:32:12.124] info: [file-destination-provider] creating entities write stream

[2026-09-16 15:32:12.276] info: [local-source-provider] creating assets read stream

[2026-09-16 15:32:12.277] info: [file-destination-provider] creating assets write stream

[2026-09-16 15:32:13.887] info: [local-source-provider] creating links read stream

[2026-09-16 15:32:13.888] info: [file-destination-provider] creating links write stream

[2026-09-16 15:32:13.904] warn: (local-source-provider) Omitting link plugin::upload.file:83 -> api::product.product:65 from export because a referenced entity no longer exists in the database.
[2026-09-16 15:32:13.905] warn: (local-source-provider) Omitting link plugin::upload.file:82 -> api::product.product:65 from export because a referenced entity no longer exists in the database.
[2026-09-16 15:32:13.907] warn: (local-source-provider) Omitting link plugin::upload.file:82 -> api::product.product:66 from export because a referenced entity no longer exists in the database.
[2026-09-16 15:32:14.053] warn: (local-source-provider) Links export omitted 3 relation(s) pointing at missing entities. Verify relations after import if this is unexpected.
[2026-09-16 15:32:14.056] info: [local-source-provider] creating configuration read stream

[2026-09-16 15:32:14.057] info: [file-destination-provider] creating configuration write stream

[2026-09-16 15:32:14.077] info: [file-destination-provider] writing metadata

